Processing esp32s3dev (board: esp32-s3-devkitc-1; platform: espressif32; framework: arduino)
--------------------------------------------------------------------------------
Verbose mode can be enabled via `-v, --verbose` option
CONFIGURATION: https://docs.platformio.org/page/boards/espressif32/esp32-s3-devkitc-1.html
PLATFORM: Espressif 32 (54.3.20) > Espressif ESP32-S3-DevKitC-1-N8 (8 MB QD, No PSRAM)
HARDWARE: ESP32S3 240MHz, 320KB RAM, 8MB Flash
DEBUG: Current (esp-prog) On-board (esp-builtin) External (cmsis-dap, esp-bridge, esp-prog, iot-bus-jtag, jlink, minimodule, olimex-arm-usb-ocd, olimex-arm-usb-ocd-h, olimex-arm-usb-tiny-h, olimex-jtag-tiny, tumpa)
PACKAGES: 
 - framework-arduinoespressif32 @ 3.2.0 
 - framework-arduinoespressif32-libs @ 5.4.0+sha.2f7dcd862a 
 - tool-esptoolpy @ 4.8.9 
 - tool-mklittlefs @ 3.2.0 
 - tool-riscv32-esp-elf-gdb @ 14.2.0+20240403 
 - tool-xtensa-esp-elf-gdb @ 14.2.0+20240403 
 - toolchain-riscv32-esp @ 14.2.0+20241119 
 - toolchain-xtensa-esp-elf @ 14.2.0+20241119
LDF: Library Dependency Finder -> https://bit.ly/configure-pio-ldf
LDF Modes: Finder ~ chain, Compatibility ~ soft
Found 41 compatible libraries
Scanning dependencies...
Dependency Graph
|-- Wire @ 3.2.0
Building in release mode
Compiling .pio\build\esp32s3dev\src\examples\01_basic_bringup_cli\main.cpp.o
Compiling .pio\build\esp32s3dev\src\src\PCA9555.cpp.o
Compiling .pio\build\esp32s3dev\libc1a\Wire\Wire.cpp.o
Compiling .pio\build\esp32s3dev\FrameworkArduino\ColorFormat.c.o
Compiling .pio\build\esp32s3dev\FrameworkArduino\Esp.cpp.o
Compiling .pio\build\esp32s3dev\FrameworkArduino\FirmwareMSC.cpp.o
Compiling .pio\build\esp32s3dev\FrameworkArduino\FunctionalInterrupt.cpp.o
Compiling .pio\build\esp32s3dev\FrameworkArduino\HEXBuilder.cpp.o
Compiling .pio\build\esp32s3dev\FrameworkArduino\HWCDC.cpp.o
Compiling .pio\build\esp32s3dev\FrameworkArduino\HardwareSerial.cpp.o
Compiling .pio\build\esp32s3dev\FrameworkArduino\IPAddress.cpp.o
Compiling .pio\build\esp32s3dev\FrameworkArduino\MD5Builder.cpp.o
Compiling .pio\build\esp32s3dev\FrameworkArduino\MacAddress.cpp.o
Compiling .pio\build\esp32s3dev\FrameworkArduino\Print.cpp.o
Compiling .pio\build\esp32s3dev\FrameworkArduino\SHA1Builder.cpp.o
Compiling .pio\build\esp32s3dev\FrameworkArduino\Stream.cpp.o
Compiling .pio\build\esp32s3dev\FrameworkArduino\StreamString.cpp.o
Compiling .pio\build\esp32s3dev\FrameworkArduino\Tone.cpp.o
Compiling .pio\build\esp32s3dev\FrameworkArduino\USB.cpp.o
Compiling .pio\build\esp32s3dev\FrameworkArduino\USBCDC.cpp.o
Compiling .pio\build\esp32s3dev\FrameworkArduino\USBMSC.cpp.o
Compiling .pio\build\esp32s3dev\FrameworkArduino\WMath.cpp.o
Compiling .pio\build\esp32s3dev\FrameworkArduino\WString.cpp.o
Compiling .pio\build\esp32s3dev\FrameworkArduino\base64.cpp.o
Compiling .pio\build\esp32s3dev\FrameworkArduino\cbuf.cpp.o
Compiling .pio\build\esp32s3dev\FrameworkArduino\chip-debug-report.cpp.o
Compiling .pio\build\esp32s3dev\FrameworkArduino\esp32-hal-adc.c.o
Compiling .pio\build\esp32s3dev\FrameworkArduino\esp32-hal-bt.c.o
Compiling .pio\build\esp32s3dev\FrameworkArduino\esp32-hal-cpu.c.o
Compiling .pio\build\esp32s3dev\FrameworkArduino\esp32-hal-dac.c.o
Compiling .pio\build\esp32s3dev\FrameworkArduino\esp32-hal-gpio.c.o
Compiling .pio\build\esp32s3dev\FrameworkArduino\esp32-hal-i2c-ng.c.o
Compiling .pio\build\esp32s3dev\FrameworkArduino\esp32-hal-i2c-slave.c.o
Compiling .pio\build\esp32s3dev\FrameworkArduino\esp32-hal-i2c.c.o
Compiling .pio\build\esp32s3dev\FrameworkArduino\esp32-hal-ledc.c.o
Compiling .pio\build\esp32s3dev\FrameworkArduino\esp32-hal-matrix.c.o
Compiling .pio\build\esp32s3dev\FrameworkArduino\esp32-hal-misc.c.o
Compiling .pio\build\esp32s3dev\FrameworkArduino\esp32-hal-periman.c.o
Compiling .pio\build\esp32s3dev\FrameworkArduino\esp32-hal-psram.c.o
Compiling .pio\build\esp32s3dev\FrameworkArduino\esp32-hal-rgb-led.c.o
Compiling .pio\build\esp32s3dev\FrameworkArduino\esp32-hal-rmt.c.o
Compiling .pio\build\esp32s3dev\FrameworkArduino\esp32-hal-sigmadelta.c.o
Compiling .pio\build\esp32s3dev\FrameworkArduino\esp32-hal-spi.c.o
Compiling .pio\build\esp32s3dev\FrameworkArduino\esp32-hal-time.c.o
Compiling .pio\build\esp32s3dev\FrameworkArduino\esp32-hal-timer.c.o
Compiling .pio\build\esp32s3dev\FrameworkArduino\esp32-hal-tinyusb.c.o
Compiling .pio\build\esp32s3dev\FrameworkArduino\esp32-hal-touch-ng.c.o
Compiling .pio\build\esp32s3dev\FrameworkArduino\esp32-hal-touch.c.o
Compiling .pio\build\esp32s3dev\FrameworkArduino\esp32-hal-uart.c.o
Compiling .pio\build\esp32s3dev\FrameworkArduino\firmware_msc_fat.c.o
Compiling .pio\build\esp32s3dev\FrameworkArduino\freertos_stats.cpp.o
Compiling .pio\build\esp32s3dev\FrameworkArduino\libb64\cdecode.c.o
Compiling .pio\build\esp32s3dev\FrameworkArduino\libb64\cencode.c.o
Compiling .pio\build\esp32s3dev\FrameworkArduino\main.cpp.o
Compiling .pio\build\esp32s3dev\FrameworkArduino\stdlib_noniso.c.o
Compiling .pio\build\esp32s3dev\FrameworkArduino\wiring_pulse.c.o
Compiling .pio\build\esp32s3dev\FrameworkArduino\wiring_shift.c.o
Archiving .pio\build\esp32s3dev\libFrameworkArduino.a
Linking .pio\build\esp32s3dev\firmware.elf
Retrieving maximum program size .pio\build\esp32s3dev\firmware.elf
Checking size .pio\build\esp32s3dev\firmware.elf
Advanced Memory Usage is available via "PlatformIO Home > Project Inspect"
RAM:   [=         ]   6.8% (used 22280 bytes from 327680 bytes)
Flash: [===       ]  28.1% (used 367942 bytes from 1310720 bytes)
Building .pio\build\esp32s3dev\firmware.bin
esptool.py v4.8.9
Creating esp32s3 image...
Merged 2 ELF sections
Successfully created esp32s3 image.
========================= [SUCCESS] Took 46.10 seconds =========================

Environment    Status    Duration
-------------  --------  ------------
esp32s3dev     SUCCESS   00:00:46.099
========================= 1 succeeded in 00:00:46.099 =========================
